warning: structure field `T_max` should have a snake case name
  --> src/sweep.rs:82:9
   |
82 |     pub T_max: Option<Vec<usize>>,
   |         ^^^^^ help: convert the identifier to snake case: `t_max`
   |
   = note: `#[warn(non_snake_case)]` (part of `#[warn(nonstandard_style)]`) on by default

warning: structure field `T_max` should have a snake case name
   --> src/sweep.rs:178:9
    |
178 |     pub T_max: Option<usize>,
    |         ^^^^^ help: convert the identifier to snake case: `t_max`

warning: `rust_neural_networks` (lib) generated 2 warnings
    Finished `release` profile [optimized] target(s) in 0.25s
     Running `target/release/cifar10_cnn --arch config/architectures/cifar10_cnn_baseline.json --config config/training/cifar10_quick_test.json`
=== CIFAR-10 CNN Training ===
Loading training configuration from: config/training/cifar10_quick_test.json

Configuration:
  Learning rate: 0.01
  Epochs: 10
  Batch size: 128
  Validation split: 10.0%
  Early stopping patience: 3
  Early stopping min delta: 0.001
  Scheduler type: step_decay
  Activation function: relu
  Data augmentation: disabled

Loading CIFAR-10...
Data split: 45000 training samples, 5000 validation samples, 10000 test samples
Loading architecture from: config/architectures/cifar10_cnn_baseline.json

Architecture loaded successfully:
  Total layers: 2
  Layer 1: input_size=3072, output_size=16384, params=448
  Layer 2: input_size=16384, output_size=10, params=163850

Loaded config from: config/training/cifar10_quick_test.json
Using StepDecay scheduler: initial_lr=0.01, step_size=3, gamma=0.5
Training CIFAR-10 CNN: epochs=10 batch=128 lr=0.01
  Epoch 1/10: Batch 1/352 (0.0%), Loss: 295.9974  Epoch 1/10: Batch 101/352 (28.4%), Loss: 289.2144  Epoch 1/10: Batch 201/352 (56.8%), Loss: 291.8917  Epoch 1/10: Batch 301/352 (85.2%), Loss: 285.5579
thread 'main' (6981118) panicked at src/layers/dense.rs:459:9:
assertion `left == right` failed: grad_output len mismatch in backward: expected 720, got 1280
  left: 1280
 right: 720
note: run with `RUST_BACKTRACE=1` environment variable to display a backtrace
